2026-09-24T22:50:42Z batch 0x8eddfd14bf6626913cb31a58428793
nothing to open
2026-09-24T22:50:43Z batch 0x1d20145e5360cfd10671e1f093e97c
nothing to open
2026-09-24T22:50:44Z batch 0xfb13ce79ff4bb7d1310de3bc1c8d3b
nothing to open
2026-09-24T22:50:44Z heartbeat
published value_ms=0 observed_at=1790290245 tx 0xe93c125d6a5a8f83c1da03565cd18458a37cc4dd0fafdad8eccce1fe70f01d43
2026-09-24T23:00:52Z batch 0x8eddfd14bf6626913cb31a58428793
nothing to open
2026-09-24T23:00:53Z batch 0x1d20145e5360cfd10671e1f093e97c
nothing to open
2026-09-24T23:00:54Z batch 0xfb13ce79ff4bb7d1310de3bc1c8d3b
nothing to open
2026-09-24T23:10:55Z batch 0x8eddfd14bf6626913cb31a58428793
nothing to open
2026-09-24T23:10:55Z batch 0x1d20145e5360cfd10671e1f093e97c
nothing to open
2026-09-24T23:10:56Z batch 0xfb13ce79ff4bb7d1310de3bc1c8d3b
nothing to open
2026-09-24T23:20:57Z batch 0x8eddfd14bf6626913cb31a58428793
nothing to open
2026-09-24T23:20:57Z batch 0x1d20145e5360cfd10671e1f093e97c
nothing to open
2026-09-24T23:20:58Z batch 0xfb13ce79ff4bb7d1310de3bc1c8d3b
nothing to open
2026-09-24T23:30:59Z batch 0x8eddfd14bf6626913cb31a58428793
nothing to open
2026-09-24T23:31:00Z batch 0x1d20145e5360cfd10671e1f093e97c
nothing to open
2026-09-24T23:31:00Z batch 0xfb13ce79ff4bb7d1310de3bc1c8d3b
nothing to open
2026-09-24T23:41:01Z batch 0x8eddfd14bf6626913cb31a58428793
nothing to open
2026-09-24T23:41:02Z batch 0x1d20145e5360cfd10671e1f093e97c
nothing to open
2026-09-24T23:41:02Z batch 0xfb13ce79ff4bb7d1310de3bc1c8d3b
nothing to open
2026-09-24T23:51:03Z batch 0x8eddfd14bf6626913cb31a58428793
nothing to open
2026-09-24T23:51:04Z batch 0x1d20145e5360cfd10671e1f093e97c
nothing to open
2026-09-24T23:51:05Z batch 0xfb13ce79ff4bb7d1310de3bc1c8d3b
nothing to open
2026-09-24T23:51:05Z heartbeat
published value_ms=0 observed_at=1790293866 tx 0x225cc0694f3fee725c31a55c88609801bc86ee1dd6bd177ed0b113941bfd4cc6
2026-09-25T00:01:13Z batch 0x8eddfd14bf6626913cb31a58428793
nothing to open
2026-09-25T00:01:14Z batch 0x1d20145e5360cfd10671e1f093e97c
nothing to open
2026-09-25T00:01:14Z batch 0xfb13ce79ff4bb7d1310de3bc1c8d3b
nothing to open
2026-09-25T00:11:15Z batch 0x8eddfd14bf6626913cb31a58428793
nothing to open
2026-09-25T00:11:16Z batch 0x1d20145e5360cfd10671e1f093e97c
nothing to open
2026-09-25T00:11:17Z batch 0xfb13ce79ff4bb7d1310de3bc1c8d3b
nothing to open
2026-09-25T00:21:17Z batch 0x8eddfd14bf6626913cb31a58428793
nothing to open
2026-09-25T00:21:18Z batch 0x1d20145e5360cfd10671e1f093e97c
nothing to open
2026-09-25T00:21:19Z batch 0xfb13ce79ff4bb7d1310de3bc1c8d3b
nothing to open
2026-09-25T00:31:20Z batch 0x8eddfd14bf6626913cb31a58428793
nothing to open
2026-09-25T00:31:20Z batch 0x1d20145e5360cfd10671e1f093e97c
nothing to open
2026-09-25T00:31:22Z batch 0xfb13ce79ff4bb7d1310de3bc1c8d3b
nothing to open
2026-09-25T00:41:23Z batch 0x8eddfd14bf6626913cb31a58428793
nothing to open
2026-09-25T00:41:24Z batch 0x1d20145e5360cfd10671e1f093e97c
nothing to open
2026-09-25T00:41:25Z batch 0xfb13ce79ff4bb7d1310de3bc1c8d3b
nothing to open
2026-09-25T00:51:26Z batch 0x8eddfd14bf6626913cb31a58428793
nothing to open
2026-09-25T00:51:26Z batch 0x1d20145e5360cfd10671e1f093e97c
nothing to open
2026-09-25T00:51:27Z batch 0xfb13ce79ff4bb7d1310de3bc1c8d3b
nothing to open
2026-09-25T00:51:27Z heartbeat
published value_ms=0 observed_at=1790297488 tx 0x5cdf71c4568afba4e63adaf7d4a3bee365cef14a7691eb761a5a6b3d469a6e22
2026-09-25T01:01:36Z batch 0x8eddfd14bf6626913cb31a58428793
nothing to open
2026-09-25T01:01:36Z batch 0x1d20145e5360cfd10671e1f093e97c
nothing to open
2026-09-25T01:01:37Z batch 0xfb13ce79ff4bb7d1310de3bc1c8d3b
nothing to open
2026-09-25T01:11:38Z batch 0x8eddfd14bf6626913cb31a58428793
nothing to open
2026-09-25T01:11:39Z batch 0x1d20145e5360cfd10671e1f093e97c
nothing to open
2026-09-25T01:11:39Z batch 0xfb13ce79ff4bb7d1310de3bc1c8d3b
nothing to open
2026-09-25T01:21:40Z batch 0x8eddfd14bf6626913cb31a58428793
nothing to open
2026-09-25T01:21:41Z batch 0x1d20145e5360cfd10671e1f093e97c
nothing to open
2026-09-25T01:21:41Z batch 0xfb13ce79ff4bb7d1310de3bc1c8d3b
nothing to open
2026-09-25T01:31:42Z batch 0x8eddfd14bf6626913cb31a58428793
nothing to open
2026-09-25T01:31:43Z batch 0x1d20145e5360cfd10671e1f093e97c
nothing to open
2026-09-25T01:31:43Z batch 0xfb13ce79ff4bb7d1310de3bc1c8d3b
nothing to open
2026-09-25T01:41:44Z batch 0x8eddfd14bf6626913cb31a58428793
nothing to open
2026-09-25T01:41:45Z batch 0x1d20145e5360cfd10671e1f093e97c
nothing to open
2026-09-25T01:41:46Z batch 0xfb13ce79ff4bb7d1310de3bc1c8d3b
nothing to open
2026-09-25T01:51:46Z batch 0x8eddfd14bf6626913cb31a58428793
nothing to open
2026-09-25T01:51:47Z batch 0x1d20145e5360cfd10671e1f093e97c
nothing to open
2026-09-25T01:51:48Z batch 0xfb13ce79ff4bb7d1310de3bc1c8d3b
nothing to open
2026-09-25T01:51:49Z heartbeat
published value_ms=0 observed_at=1790301109 tx 0xbf9dd0170102674c2e56dd215586c89deef7e3b775253028492d304660920761
2026-09-25T02:01:57Z batch 0x8eddfd14bf6626913cb31a58428793
nothing to open
2026-09-25T02:01:58Z batch 0x1d20145e5360cfd10671e1f093e97c
nothing to open
2026-09-25T02:01:58Z batch 0xfb13ce79ff4bb7d1310de3bc1c8d3b
nothing to open
2026-09-25T02:11:59Z batch 0x8eddfd14bf6626913cb31a58428793
nothing to open
2026-09-25T02:12:00Z batch 0x1d20145e5360cfd10671e1f093e97c
nothing to open
2026-09-25T02:12:01Z batch 0xfb13ce79ff4bb7d1310de3bc1c8d3b
nothing to open
2026-09-25T02:22:01Z batch 0x8eddfd14bf6626913cb31a58428793
nothing to open
2026-09-25T02:22:02Z batch 0x1d20145e5360cfd10671e1f093e97c
nothing to open
2026-09-25T02:22:03Z batch 0xfb13ce79ff4bb7d1310de3bc1c8d3b
nothing to open
2026-09-25T02:32:03Z batch 0x8eddfd14bf6626913cb31a58428793
nothing to open
2026-09-25T02:32:04Z batch 0x1d20145e5360cfd10671e1f093e97c
nothing to open
2026-09-25T02:32:05Z batch 0xfb13ce79ff4bb7d1310de3bc1c8d3b
nothing to open
2026-09-25T02:42:06Z batch 0x8eddfd14bf6626913cb31a58428793
nothing to open
2026-09-25T02:42:07Z batch 0x1d20145e5360cfd10671e1f093e97c
nothing to open
2026-09-25T02:42:07Z batch 0xfb13ce79ff4bb7d1310de3bc1c8d3b
nothing to open
2026-09-25T02:52:08Z batch 0x8eddfd14bf6626913cb31a58428793
nothing to open
2026-09-25T02:52:09Z batch 0x1d20145e5360cfd10671e1f093e97c
nothing to open
2026-09-25T02:52:09Z batch 0xfb13ce79ff4bb7d1310de3bc1c8d3b
nothing to open
2026-09-25T02:52:10Z heartbeat
published value_ms=0 observed_at=1790304731 tx 0x400d021118b802f9ba734d88c9449d0822ba0b00a920de1f517204b5aa1e85b7
2026-09-25T03:02:19Z batch 0x8eddfd14bf6626913cb31a58428793
nothing to open
2026-09-25T03:02:20Z batch 0x1d20145e5360cfd10671e1f093e97c
nothing to open
2026-09-25T03:02:20Z batch 0xfb13ce79ff4bb7d1310de3bc1c8d3b
nothing to open
2026-09-25T03:12:21Z batch 0x8eddfd14bf6626913cb31a58428793
nothing to open
2026-09-25T03:12:22Z batch 0x1d20145e5360cfd10671e1f093e97c
nothing to open
2026-09-25T03:12:22Z batch 0xfb13ce79ff4bb7d1310de3bc1c8d3b
nothing to open
2026-09-25T03:22:23Z batch 0x8eddfd14bf6626913cb31a58428793
nothing to open
2026-09-25T03:22:24Z batch 0x1d20145e5360cfd10671e1f093e97c
nothing to open
2026-09-25T03:22:24Z batch 0xfb13ce79ff4bb7d1310de3bc1c8d3b
nothing to open
2026-09-25T03:32:25Z batch 0x8eddfd14bf6626913cb31a58428793
nothing to open
2026-09-25T03:32:26Z batch 0x1d20145e5360cfd10671e1f093e97c
nothing to open
2026-09-25T03:32:26Z batch 0xfb13ce79ff4bb7d1310de3bc1c8d3b
nothing to open
2026-09-25T03:42:27Z batch 0x8eddfd14bf6626913cb31a58428793
nothing to open
2026-09-25T03:42:28Z batch 0x1d20145e5360cfd10671e1f093e97c
nothing to open
2026-09-25T03:42:29Z batch 0xfb13ce79ff4bb7d1310de3bc1c8d3b
nothing to open
2026-09-25T03:52:29Z batch 0x8eddfd14bf6626913cb31a58428793
nothing to open
2026-09-25T03:52:30Z batch 0x1d20145e5360cfd10671e1f093e97c
nothing to open
2026-09-25T03:52:31Z batch 0xfb13ce79ff4bb7d1310de3bc1c8d3b
nothing to open
2026-09-25T03:52:31Z heartbeat
published value_ms=0 observed_at=1790308352 tx 0x2dd1a5f2dc1f9b567bea2fd7a7a3cdc886200eb235921eff5a33ee0cd15669b2
2026-09-25T04:02:39Z batch 0x8eddfd14bf6626913cb31a58428793
nothing to open
2026-09-25T04:02:41Z batch 0x1d20145e5360cfd10671e1f093e97c
nothing to open
2026-09-25T04:02:42Z batch 0xfb13ce79ff4bb7d1310de3bc1c8d3b
nothing to open
2026-09-25T04:12:43Z batch 0x8eddfd14bf6626913cb31a58428793
nothing to open
2026-09-25T04:12:43Z batch 0x1d20145e5360cfd10671e1f093e97c
nothing to open
2026-09-25T04:12:44Z batch 0xfb13ce79ff4bb7d1310de3bc1c8d3b
nothing to open
2026-09-25T04:22:45Z batch 0x8eddfd14bf6626913cb31a58428793
nothing to open
2026-09-25T04:22:46Z batch 0x1d20145e5360cfd10671e1f093e97c
nothing to open
2026-09-25T04:22:46Z batch 0xfb13ce79ff4bb7d1310de3bc1c8d3b
nothing to open
2026-09-25T04:32:47Z batch 0x8eddfd14bf6626913cb31a58428793
nothing to open
2026-09-25T04:32:48Z batch 0x1d20145e5360cfd10671e1f093e97c
nothing to open
2026-09-25T04:32:48Z batch 0xfb13ce79ff4bb7d1310de3bc1c8d3b
nothing to open
2026-09-25T04:42:49Z batch 0x8eddfd14bf6626913cb31a58428793
nothing to open
2026-09-25T04:42:50Z batch 0x1d20145e5360cfd10671e1f093e97c
nothing to open
2026-09-25T04:42:50Z batch 0xfb13ce79ff4bb7d1310de3bc1c8d3b
nothing to open
2026-09-25T04:52:51Z batch 0x8eddfd14bf6626913cb31a58428793
nothing to open
2026-09-25T04:52:52Z batch 0x1d20145e5360cfd10671e1f093e97c
nothing to open
2026-09-25T04:52:53Z batch 0xfb13ce79ff4bb7d1310de3bc1c8d3b
nothing to open
2026-09-25T04:52:53Z heartbeat
published value_ms=0 observed_at=1790311974 tx 0x8bb645eef71aaefd487cf4b189d7edcd94f0c07ed6582b2903d232226c18b14b
2026-09-25T05:03:01Z batch 0x8eddfd14bf6626913cb31a58428793
nothing to open
2026-09-25T05:03:02Z batch 0x1d20145e5360cfd10671e1f093e97c
nothing to open
2026-09-25T05:03:03Z batch 0xfb13ce79ff4bb7d1310de3bc1c8d3b
nothing to open
2026-09-25T05:13:03Z batch 0x8eddfd14bf6626913cb31a58428793
nothing to open
2026-09-25T05:13:04Z batch 0x1d20145e5360cfd10671e1f093e97c
nothing to open
2026-09-25T05:13:05Z batch 0xfb13ce79ff4bb7d1310de3bc1c8d3b
nothing to open
2026-09-25T05:23:05Z batch 0x8eddfd14bf6626913cb31a58428793
nothing to open
2026-09-25T05:23:06Z batch 0x1d20145e5360cfd10671e1f093e97c
nothing to open
2026-09-25T05:23:07Z batch 0xfb13ce79ff4bb7d1310de3bc1c8d3b
nothing to open
2026-09-25T05:33:08Z batch 0x8eddfd14bf6626913cb31a58428793
nothing to open
2026-09-25T05:33:09Z batch 0x1d20145e5360cfd10671e1f093e97c
nothing to open
2026-09-25T05:33:09Z batch 0xfb13ce79ff4bb7d1310de3bc1c8d3b
nothing to open
2026-09-25T05:43:10Z batch 0x8eddfd14bf6626913cb31a58428793
opened 3 note(s) tx 0x5ce481914cd5ec536a863541b63039adc408f80efd18663e305fef68a7d87647
2026-09-25T05:43:19Z batch 0x1d20145e5360cfd10671e1f093e97c
nothing to open
2026-09-25T05:43:20Z batch 0xfb13ce79ff4bb7d1310de3bc1c8d3b
nothing to open
2026-09-25T05:53:21Z batch 0x8eddfd14bf6626913cb31a58428793
nothing to open
2026-09-25T05:53:21Z batch 0x1d20145e5360cfd10671e1f093e97c
nothing to open
2026-09-25T05:53:22Z batch 0xfb13ce79ff4bb7d1310de3bc1c8d3b
nothing to open
2026-09-25T05:53:23Z heartbeat
published value_ms=0 observed_at=1790315603 tx 0xceb2c44c4f37768663db24f24f5f46e55a4ad4813e1dd61bbe31bd665b219182
2026-09-25T06:03:32Z batch 0x8eddfd14bf6626913cb31a58428793
nothing to open
2026-09-25T06:03:33Z batch 0x1d20145e5360cfd10671e1f093e97c
nothing to open
2026-09-25T06:03:34Z batch 0xfb13ce79ff4bb7d1310de3bc1c8d3b
nothing to open
2026-09-25T06:13:35Z batch 0x8eddfd14bf6626913cb31a58428793
nothing to open
2026-09-25T06:13:36Z batch 0x1d20145e5360cfd10671e1f093e97c
nothing to open
2026-09-25T06:13:36Z batch 0xfb13ce79ff4bb7d1310de3bc1c8d3b
nothing to open
2026-09-25T06:23:37Z batch 0x8eddfd14bf6626913cb31a58428793
nothing to open
2026-09-25T06:23:38Z batch 0x1d20145e5360cfd10671e1f093e97c
nothing to open
2026-09-25T06:23:38Z batch 0xfb13ce79ff4bb7d1310de3bc1c8d3b
nothing to open
2026-09-25T06:33:39Z batch 0x8eddfd14bf6626913cb31a58428793
nothing to open
2026-09-25T06:33:41Z batch 0x1d20145e5360cfd10671e1f093e97c
nothing to open
2026-09-25T06:33:41Z batch 0xfb13ce79ff4bb7d1310de3bc1c8d3b
nothing to open
